// Jest Snapshot v1, https://goo.gl/fbAQLP

exports[`Map component renders Map 1`] = `
<ContextProvider>
  <Map />
</ContextProvider>
`;
