// Jest Snapshot v1, https://goo.gl/fbAQLP

exports[`MiniChart component renders MiniChart 1`] = `
<ContextProvider>
  <MiniChart />
</ContextProvider>
`;
