// Jest Snapshot v1, https://goo.gl/fbAQLP

exports[`Compare component renders Compare 1`] = `
<ContextProvider>
  <Compare />
</ContextProvider>
`;
