// Jest Snapshot v1, https://goo.gl/fbAQLP

exports[`HighScore component renders HighScore 1`] = `
<ContextProvider>
  <Component />
</ContextProvider>
`;
