// Jest Snapshot v1, https://goo.gl/fbAQLP

exports[`ComparePage component renders ComparePage 1`] = `
<ContextProvider>
  <ComparePage />
</ContextProvider>
`;
