// Jest Snapshot v1, https://goo.gl/fbAQLP

exports[`IndividualCountry component renders IndividualCountry 1`] = `
<ContextProvider>
  <Component />
</ContextProvider>
`;
