// Jest Snapshot v1, https://goo.gl/fbAQLP

exports[`About component renders About 1`] = `
<ContextProvider>
  <Component />
</ContextProvider>
`;
