// Jest Snapshot v1, https://goo.gl/fbAQLP

exports[`StackGraph component renders StackGraph 1`] = `
<ContextProvider>
  <StackGraph />
</ContextProvider>
`;
