// Jest Snapshot v1, https://goo.gl/fbAQLP

exports[`LineGraph component renders LineGraph 1`] = `
<ContextProvider>
  <LineGraph />
</ContextProvider>
`;
